{"level":"info","message":"OTP sent to ansariwaseem1722@gmail.com","timestamp":"2026-05-26T11:01:38.009Z"}
{"level":"info","message":"OTP sent to ansariwaseem1722@gmail.com","timestamp":"2026-05-26T11:02:09.191Z"}












{"level":"info","message":"OTP sent to ansariwaseem1722@gmail.com","timestamp":"2026-05-26T11:13:06.826Z"}
{"level":"info","message":"welcome email sent to waseem.noorisys@gmail.com","timestamp":"2026-05-26T13:51:04.305Z"}
{"level":"info","message":"OTP sent to workabc954@gmail.com","timestamp":"2026-05-26T14:35:45.221Z"}
{"level":"error","message":"","timestamp":"2026-05-26T14:35:45.228Z"}
{"level":"info","message":"OTP sent to workabc954@gmail.com","timestamp":"2026-05-26T14:36:30.365Z"}
{"level":"error","message":"","timestamp":"2026-05-26T14:36:30.365Z"}
{"level":"info","message":"Welcome email sent to workabc954@gmail.com","timestamp":"2026-05-27T08:12:03.116Z"}
{"level":"info","message":"Welcome email sent to waseem.noorisys@gmail.com","timestamp":"2026-05-27T08:16:03.895Z"}
{"level":"info","message":"Welcome email sent to waseem.noorisys@gmail.com","timestamp":"2026-05-27T08:21:03.199Z"}
{"level":"info","message":"Welcome email sent to waseem.noorisys@gmail.com","timestamp":"2026-05-27T08:30:04.095Z"}
{"level":"info","message":"Welcome email sent to waseem.noorisys@gmail.com","timestamp":"2026-05-27T10:10:03.539Z"}
{"level":"info","message":"Welcome email sent to waseem.noorisys@gmail.com","timestamp":"2026-05-27T10:30:03.099Z"}
{"level":"info","message":"Welcome email sent to waseem.noorisys@gmail.com","timestamp":"2026-05-27T10:40:03.532Z"}
{"level":"info","message":"Welcome email sent to waseem.noorisys@gmail.com","timestamp":"2026-05-27T10:50:04.416Z"}
{"level":"info","message":"Welcome email sent to waseem.noorisys@gmail.com","timestamp":"2026-05-27T11:00:03.118Z"}
{"level":"info","message":"Welcome email sent to waseem.noorisys@gmail.com","timestamp":"2026-05-27T11:30:03.090Z"}
{"level":"info","message":"OTP sent to ansariwaseem1722@gmail.com","timestamp":"2026-05-27T11:42:44.313Z"}
{"level":"error","message":"","timestamp":"2026-05-27T11:42:44.317Z"}
{"level":"info","message":"OTP sent to ansariwaseem1722@gmail.com","timestamp":"2026-05-27T11:43:25.616Z"}
{"level":"error","message":"","timestamp":"2026-05-27T11:43:25.616Z"}
{"level":"info","message":"OTP sent to ansariwaseem1722@gmail.com","timestamp":"2026-05-27T11:43:28.500Z"}
{"level":"error","message":"","timestamp":"2026-05-27T11:43:28.500Z"}
{"level":"info","message":"Welcome email sent to ansariwaseem1722@gmail.com","timestamp":"2026-05-27T11:50:02.993Z"}
{"level":"info","message":"Welcome email sent to waseem.noorisys@gmail.com","timestamp":"2026-05-27T11:50:05.960Z"}
{"level":"info","message":"OTP sent to ansariwaseem1722@gmail.com","timestamp":"2026-05-27T11:58:42.516Z"}
{"level":"error","message":"","timestamp":"2026-05-27T11:58:42.519Z"}
{"level":"info","message":"OTP sent to ansariwaseem1722@gmail.com","timestamp":"2026-05-27T12:04:55.283Z"}
{"level":"error","message":"","timestamp":"2026-05-27T12:04:55.283Z"}
{"level":"info","message":"OTP sent to ansariwaseem1722@gmail.com","timestamp":"2026-05-27T12:14:01.629Z"}
{"level":"error","message":"","timestamp":"2026-05-27T12:14:01.640Z"}
{"level":"info","message":"OTP sent to ansariwaseem1722@gmail.com","timestamp":"2026-05-27T12:19:16.770Z"}
{"level":"error","message":"","timestamp":"2026-05-27T12:19:16.773Z"}
{"level":"info","message":"OTP sent to ansariwaseem1722@gmail.com","timestamp":"2026-05-27T12:22:19.812Z"}
{"level":"error","message":"","timestamp":"2026-05-27T12:22:19.815Z"}
{"level":"info","message":"OTP sent to ansariwaseem1722@gmail.com","timestamp":"2026-05-27T12:26:01.894Z"}
{"level":"error","message":"","timestamp":"2026-05-27T12:26:01.898Z"}
{"level":"info","message":"OTP sent to ansariwaseem1722@gmail.com","timestamp":"2026-05-27T12:30:49.744Z"}
{"level":"error","message":"","timestamp":"2026-05-27T12:30:49.748Z"}
{"level":"info","message":"OTP sent to ansarim911241@gmail.com","timestamp":"2026-05-27T12:33:50.958Z"}
{"level":"error","message":"","timestamp":"2026-05-27T12:33:50.965Z"}
{"level":"info","message":"Welcome email sent to ansarim911241@gmail.com","timestamp":"2026-05-27T12:40:03.265Z"}
{"level":"info","message":"OTP sent to ansarim911241@gmail.com","timestamp":"2026-05-27T12:47:00.804Z"}
{"level":"error","message":"","timestamp":"2026-05-27T12:47:00.809Z"}
{"level":"info","message":"OTP sent to ansarim911241@gmail.com","timestamp":"2026-05-27T12:48:10.369Z"}
{"level":"error","message":"","timestamp":"2026-05-27T12:48:10.369Z"}
{"level":"info","message":"OTP sent to ansarim911241@gmail.com","timestamp":"2026-05-27T12:48:12.191Z"}
{"level":"error","message":"","timestamp":"2026-05-27T12:48:12.191Z"}
{"level":"info","message":"Welcome email sent to ansarim911241@gmail.com","timestamp":"2026-05-27T12:50:04.117Z"}
{"level":"info","message":"OTP sent to ansarim911241@gmail.com","timestamp":"2026-05-27T13:11:30.846Z"}
{"level":"error","message":"","timestamp":"2026-05-27T13:11:30.851Z"}
{"level":"info","message":"Welcome email sent to ansarim911241@gmail.com","timestamp":"2026-05-27T13:20:03.133Z"}
{"level":"info","message":"Welcome email sent to waseem.noorisys@gmail.com","timestamp":"2026-05-27T13:30:03.053Z"}
